// Jest Snapshot v1, https://goo.gl/fbAQLP

exports[`twitterFeed renders correctly 1`] = `
<div
  className="Social-wrapper"
>
  <div
    className="Social-icon"
  >
    <test-file-stub />
  </div>
  <a
    className="underline Social-profile"
    href="https://twitter.com/Michalhonc"
  >
    @michalhonc
  </a>
  <div
    className="Social-content TwitterFeed"
  />
</div>
`;
