// Jest Snapshot v1, https://goo.gl/fbAQLP

exports[`logo renders correctly 1`] = `
<div
  className="Header-logo"
>
  <div>
    <test-file-stub
      className="Header-logo-background"
    />
    <a
      aria-label="Michal Honc Logo"
      href="/en-US/"
      onClick={[Function]}
    >
      <test-file-stub
        className="Header-logo-foreground"
      />
    </a>
  </div>
</div>
`;
