// Jest Snapshot v1, https://goo.gl/fbAQLP

exports[`reservationConsultation renders correctly 1`] = `
<button
  className="ReservationConsultation"
  onClick={[Function]}
  type="button"
>
  Rezervovat konzultaci zdarma
</button>
`;
