// Jest Snapshot v1, https://goo.gl/fbAQLP

exports[`seo renders correctly 1`] = `null`;
